[0.008s][info][gc] Using Serial
[17.454s][info][gc] GC(0) Pause Young (Allocation Failure) 4M->2M(15M) 3.944ms
[17.560s][info][gc] GC(1) Pause Young (Allocation Failure) 6M->2M(15M) 3.408ms
[17.636s][info][gc] GC(2) Pause Young (Allocation Failure) 7M->2M(15M) 1.938ms
[17.814s][info][gc] GC(3) Pause Young (Allocation Failure) 7M->3M(15M) 1.996ms
[20.027s][info][gc] GC(4) Pause Young (Allocation Failure) 7M->4M(15M) 4.425ms
[50.352s][info][gc] GC(5) Pause Young (Allocation Failure) 8M->4M(15M) 3.540ms
[87.714s][info][gc] GC(6) Pause Young (Allocation Failure) 8M->4M(15M) 0.558ms
[124.111s][info][gc] GC(7) Pause Young (Allocation Failure) 8M->4M(15M) 2.186ms
[126.394s][info][gc] GC(8) Pause Young (Allocation Failure) 8M->6M(15M) 3.302ms
[126.424s][info][gc] GC(9) Pause Young (Allocation Failure) 10M->8M(15M) 4.355ms
[126.441s][info][gc] GC(10) Pause Young (Allocation Failure) 12M->10M(15M) 3.722ms
[126.453s][info][gc] GC(11) Pause Young (Allocation Failure) 14M->14M(15M) 0.032ms
[126.477s][info][gc] GC(12) Pause Full (Allocation Failure) 14M->9M(15M) 23.406ms
[126.488s][info][gc] GC(13) Pause Young (Allocation Failure) 13M->13M(15M) 0.033ms
[126.504s][info][gc] GC(14) Pause Full (Allocation Failure) 13M->6M(15M) 15.811ms
[126.517s][info][gc] GC(15) Pause Young (Allocation Failure) 11M->9M(15M) 3.464ms
[159.420s][info][gc] GC(16) Pause Young (Allocation Failure) 13M->13M(15M) 0.035ms
[159.435s][info][gc] GC(17) Pause Full (Allocation Failure) 13M->5M(15M) 15.547ms
[198.696s][info][gc] GC(18) Pause Young (Allocation Failure) 9M->5M(15M) 0.925ms
[237.207s][info][gc] GC(19) Pause Young (Allocation Failure) 9M->5M(15M) 0.652ms
[257.523s][info][gc] GC(20) Pause Young (Allocation Failure) 9M->6M(15M) 2.793ms
[257.536s][info][gc] GC(21) Pause Young (Allocation Failure) 10M->8M(15M) 3.257ms
[257.544s][info][gc] GC(22) Pause Young (Allocation Failure) 13M->13M(15M) 0.036ms
[257.567s][info][gc] GC(23) Pause Full (Allocation Failure) 13M->7M(15M) 22.605ms
[257.579s][info][gc] GC(24) Pause Young (Allocation Failure) 11M->9M(15M) 3.961ms
[257.587s][info][gc] GC(25) Pause Young (Allocation Failure) 14M->14M(15M) 0.045ms
[257.605s][info][gc] GC(26) Pause Full (Allocation Failure) 14M->7M(15M) 18.159ms
[257.617s][info][gc] GC(27) Pause Young (Allocation Failure) 12M->10M(15M) 3.832ms
[270.550s][info][gc] GC(28) Pause Young (Allocation Failure) 14M->14M(15M) 0.083ms
[270.588s][info][gc] GC(29) Pause Full (Allocation Failure) 14M->6M(15M) 37.955ms
[309.850s][info][gc] GC(30) Pause Young (Allocation Failure) 11M->6M(15M) 1.034ms
[342.966s][info][gc] GC(31) Pause Young (Allocation Failure) 11M->7M(15M) 1.537ms
[342.982s][info][gc] GC(32) Pause Young (Allocation Failure) 11M->9M(15M) 6.411ms
[342.988s][info][gc] GC(33) Pause Young (Allocation Failure) 13M->13M(15M) 0.032ms
[343.009s][info][gc] GC(34) Pause Full (Allocation Failure) 13M->8M(15M) 20.945ms
[343.014s][info][gc] GC(35) Pause Young (Allocation Failure) 12M->12M(15M) 0.031ms
[343.032s][info][gc] GC(36) Pause Full (Allocation Failure) 12M->6M(15M) 17.391ms
[343.040s][info][gc] GC(37) Pause Young (Allocation Failure) 10M->8M(15M) 3.416ms
[343.044s][info][gc] GC(38) Pause Young (Allocation Failure) 13M->13M(15M) 0.029ms
[343.063s][info][gc] GC(39) Pause Full (Allocation Failure) 13M->7M(15M) 18.697ms
[343.207s][info][gc] GC(40) Pause Young (Allocation Failure) 11M->9M(15M) 6.703ms
[382.411s][info][gc] GC(41) Pause Young (Allocation Failure) 14M->14M(15M) 0.035ms
[382.428s][info][gc] GC(42) Pause Full (Allocation Failure) 14M->5M(15M) 17.194ms
