[0.006s][info][gc] Using G1
[12.815s][info][gc] GC(0) Pause Young (Normal) (G1 Evacuation Pause) 5M->3M(12M) 3.840ms
[12.839s][info][gc] GC(1) Pause Young (Normal) (G1 Evacuation Pause) 4M->3M(12M) 1.989ms
[12.853s][info][gc] GC(2) Pause Young (Normal) (G1 Evacuation Pause) 4M->3M(12M) 1.112ms
[12.875s][info][gc] GC(3) Pause Young (Normal) (G1 Evacuation Pause) 4M->3M(12M) 1.235ms
[12.927s][info][gc] GC(4) Pause Young (Normal) (G1 Evacuation Pause) 5M->3M(12M) 1.286ms
[12.963s][info][gc] GC(5) Pause Young (Normal) (G1 Evacuation Pause) 5M->4M(12M) 2.004ms
[12.988s][info][gc] GC(6) Pause Young (Normal) (G1 Evacuation Pause) 6M->4M(12M) 1.272ms
[13.007s][info][gc] GC(7) Pause Young (Normal) (G1 Evacuation Pause) 6M->4M(12M) 0.593ms
[13.217s][info][gc] GC(8) Pause Young (Normal) (G1 Evacuation Pause) 7M->4M(12M) 1.965ms
[13.295s][info][gc] GC(9) Pause Young (Normal) (G1 Evacuation Pause) 6M->5M(12M) 2.804ms
[20.382s][info][gc] GC(10) Pause Young (Normal) (G1 Evacuation Pause) 7M->5M(12M) 4.244ms
[28.875s][info][gc] GC(11) Pause Young (Concurrent Start) (G1 Humongous Allocation) 6M->5M(12M) 2.476ms
[28.875s][info][gc] GC(12) Concurrent Undo Cycle
[28.875s][info][gc] GC(12) Concurrent Undo Cycle 0.201ms
[28.889s][info][gc] GC(13) Pause Young (Normal) (G1 Evacuation Pause) 8M->6M(12M) 2.034ms
[28.907s][info][gc] GC(14) Pause Young (Concurrent Start) (G1 Evacuation Pause) 8M->6M(12M) 1.377ms
[28.907s][info][gc] GC(15) Concurrent Mark Cycle
[28.914s][info][gc] GC(15) Pause Remark 6M->6M(12M) 2.534ms
[28.916s][info][gc] GC(15) Pause Cleanup 7M->7M(12M) 0.104ms
[28.916s][info][gc] GC(15) Concurrent Mark Cycle 9.131ms
[28.919s][info][gc] GC(16) Pause Young (Prepare Mixed) (G1 Evacuation Pause) 8M->6M(12M) 1.697ms
[28.923s][info][gc] GC(17) Pause Young (Mixed) (G1 Evacuation Pause) 7M->6M(12M) 2.195ms
[28.926s][info][gc] GC(18) Pause Young (Concurrent Start) (G1 Evacuation Pause) 8M->6M(12M) 1.013ms
[28.926s][info][gc] GC(19) Concurrent Mark Cycle
[28.930s][info][gc] GC(20) Pause Young (Normal) (G1 Evacuation Pause) 8M->6M(12M) 0.994ms
[28.933s][info][gc] GC(19) Pause Remark 7M->7M(12M) 2.634ms
[28.936s][info][gc] GC(21) Pause Young (Normal) (G1 Evacuation Pause) 7M->6M(12M) 0.810ms
[28.936s][info][gc] GC(19) Pause Cleanup 6M->6M(12M) 0.023ms
[28.937s][info][gc] GC(19) Concurrent Mark Cycle 10.341ms
[28.939s][info][gc] GC(22) Pause Young (Normal) (G1 Evacuation Pause) 8M->6M(12M) 0.636ms
[28.941s][info][gc] GC(23) Pause Young (Concurrent Start) (G1 Evacuation Pause) 7M->6M(12M) 0.641ms
[28.941s][info][gc] GC(24) Concurrent Mark Cycle
[28.943s][info][gc] GC(25) Pause Young (Normal) (G1 Evacuation Pause) 7M->6M(12M) 0.371ms
[28.944s][info][gc] GC(26) Pause Young (Normal) (G1 Evacuation Pause) 7M->6M(12M) 0.297ms
[28.947s][info][gc] GC(24) Pause Remark 7M->7M(12M) 2.119ms
[28.948s][info][gc] GC(27) Pause Young (Normal) (G1 Evacuation Pause) 7M->6M(12M) 0.366ms
[28.950s][info][gc] GC(24) Pause Cleanup 7M->7M(12M) 0.057ms
[28.950s][info][gc] GC(24) Concurrent Mark Cycle 8.831ms
[28.951s][info][gc] GC(28) Pause Young (Normal) (G1 Evacuation Pause) 7M->6M(12M) 0.311ms
[28.952s][info][gc] GC(29) Pause Young (Concurrent Start) (G1 Evacuation Pause) 7M->6M(12M) 0.315ms
[28.952s][info][gc] GC(30) Concurrent Mark Cycle
[28.954s][info][gc] GC(31) Pause Young (Normal) (G1 Evacuation Pause) 7M->6M(12M) 0.293ms
[28.955s][info][gc] GC(32) Pause Young (Normal) (G1 Evacuation Pause) 7M->6M(12M) 0.187ms
[28.958s][info][gc] GC(30) Pause Remark 7M->7M(12M) 1.940ms
[28.959s][info][gc] GC(33) Pause Young (Normal) (G1 Evacuation Pause) 7M->6M(12M) 0.245ms
[28.961s][info][gc] GC(34) Pause Young (Normal) (G1 Evacuation Pause) 7M->6M(12M) 0.226ms
[28.961s][info][gc] GC(30) Pause Cleanup 6M->6M(12M) 0.011ms
[28.961s][info][gc] GC(30) Concurrent Mark Cycle 8.630ms
[28.962s][info][gc] GC(35) Pause Young (Prepare Mixed) (G1 Evacuation Pause) 7M->6M(12M) 0.161ms
[29.461s][info][gc] GC(36) Pause Young (Mixed) (G1 Preventive Collection) 8M->5M(12M) 4.666ms
[41.539s][info][gc] GC(37) Pause Young (Concurrent Start) (G1 Evacuation Pause) 7M->5M(12M) 0.879ms
[41.539s][info][gc] GC(38) Concurrent Mark Cycle
[41.545s][info][gc] GC(38) Pause Remark 5M->5M(12M) 1.713ms
[41.547s][info][gc] GC(38) Pause Cleanup 5M->5M(12M) 0.057ms
[41.547s][info][gc] GC(38) Concurrent Mark Cycle 7.940ms
[57.655s][info][gc] GC(39) Pause Young (Prepare Mixed) (G1 Evacuation Pause) 8M->5M(12M) 2.405ms
[65.719s][info][gc] GC(40) Pause Young (Mixed) (G1 Evacuation Pause) 6M->4M(12M) 3.738ms
[75.806s][info][gc] GC(41) Pause Young (Concurrent Start) (G1 Humongous Allocation) 6M->4M(12M) 1.174ms
[75.806s][info][gc] GC(42) Concurrent Mark Cycle
[75.815s][info][gc] GC(42) Pause Remark 5M->5M(12M) 2.190ms
[75.818s][info][gc] GC(42) Pause Cleanup 5M->5M(12M) 0.105ms
[75.818s][info][gc] GC(42) Concurrent Mark Cycle 12.349ms
[101.975s][info][gc] GC(43) Pause Young (Normal) (G1 Evacuation Pause) 8M->4M(12M) 2.329ms
[118.372s][info][gc] GC(44) Pause Young (Concurrent Start) (G1 Humongous Allocation) 6M->4M(12M) 1.482ms
[118.372s][info][gc] GC(45) Concurrent Mark Cycle
[118.384s][info][gc] GC(45) Pause Remark 5M->5M(12M) 3.384ms
[118.387s][info][gc] GC(45) Pause Cleanup 5M->5M(12M) 0.112ms
[118.387s][info][gc] GC(45) Concurrent Mark Cycle 14.897ms
[145.376s][info][gc] GC(46) Pause Young (Normal) (G1 Evacuation Pause) 8M->5M(12M) 0.841ms
[162.560s][info][gc] GC(47) Pause Young (Concurrent Start) (G1 Evacuation Pause) 7M->5M(12M) 0.795ms
[162.560s][info][gc] GC(48) Concurrent Mark Cycle
[162.567s][info][gc] GC(48) Pause Remark 5M->5M(12M) 1.733ms
[162.569s][info][gc] GC(48) Pause Cleanup 5M->5M(12M) 0.059ms
[162.569s][info][gc] GC(48) Concurrent Mark Cycle 9.049ms
[180.745s][info][gc] GC(49) Pause Young (Normal) (G1 Evacuation Pause) 7M->5M(12M) 1.051ms
[197.908s][info][gc] GC(50) Pause Young (Concurrent Start) (G1 Evacuation Pause) 7M->5M(12M) 1.084ms
[197.909s][info][gc] GC(51) Concurrent Mark Cycle
[197.915s][info][gc] GC(51) Pause Remark 5M->5M(12M) 2.059ms
[197.918s][info][gc] GC(51) Pause Cleanup 5M->5M(12M) 0.112ms
[197.918s][info][gc] GC(51) Concurrent Mark Cycle 9.187ms
[216.091s][info][gc] GC(52) Pause Young (Normal) (G1 Evacuation Pause) 7M->5M(12M) 1.134ms
