[0.009s][info][gc] Using Parallel
[4.387s][info][gc] GC(0) Pause Young (Allocation Failure) 3M->1M(11M) 11.917ms
[4.444s][info][gc] GC(1) Pause Young (Allocation Failure) 4M->2M(11M) 1.962ms
[4.506s][info][gc] GC(2) Pause Young (Allocation Failure) 5M->2M(11M) 1.850ms
[4.539s][info][gc] GC(3) Pause Young (Allocation Failure) 5M->4M(11M) 2.031ms
[4.575s][info][gc] GC(4) Pause Young (Allocation Failure) 7M->4M(11M) 1.154ms
[4.747s][info][gc] GC(5) Pause Young (Allocation Failure) 7M->5M(10M) 2.985ms
[4.819s][info][gc] GC(6) Pause Young (Allocation Failure) 7M->5M(11M) 2.055ms
[11.905s][info][gc] GC(7) Pause Young (Allocation Failure) 7M->5M(11M) 2.232ms
[19.977s][info][gc] GC(8) Pause Young (Allocation Failure) 7M->6M(11M) 4.349ms
[36.088s][info][gc] GC(9) Pause Young (Allocation Failure) 8M->6M(11M) 0.887ms
[36.120s][info][gc] GC(10) Pause Full (Ergonomics) 6M->4M(11M) 31.991ms
[48.189s][info][gc] GC(11) Pause Young (Allocation Failure) 6M->4M(11M) 0.817ms
[65.328s][info][gc] GC(12) Pause Young (Allocation Failure) 6M->4M(11M) 0.556ms
[78.412s][info][gc] GC(13) Pause Young (Allocation Failure) 6M->4M(11M) 0.820ms
[85.586s][info][gc] GC(14) Pause Young (Allocation Failure) 6M->5M(11M) 0.545ms
[85.593s][info][gc] GC(15) Pause Young (Allocation Failure) 7M->5M(11M) 0.378ms
[85.609s][info][gc] GC(16) Pause Young (Allocation Failure) 7M->5M(11M) 0.302ms
[85.623s][info][gc] GC(17) Pause Young (Allocation Failure) 7M->5M(11M) 0.297ms
[85.626s][info][gc] GC(18) Pause Young (Allocation Failure) 7M->6M(11M) 0.286ms
[85.629s][info][gc] GC(19) Pause Young (Allocation Failure) 8M->6M(11M) 0.240ms
[85.631s][info][gc] GC(20) Pause Young (Allocation Failure) 8M->6M(11M) 0.252ms
[85.634s][info][gc] GC(21) Pause Young (Allocation Failure) 8M->6M(11M) 0.268ms
[85.637s][info][gc] GC(22) Pause Young (Allocation Failure) 8M->6M(11M) 0.364ms
[85.639s][info][gc] GC(23) Pause Young (Allocation Failure) 8M->6M(11M) 0.264ms
[85.642s][info][gc] GC(24) Pause Young (Allocation Failure) 8M->6M(11M) 0.317ms
[85.645s][info][gc] GC(25) Pause Young (Allocation Failure) 8M->6M(11M) 0.324ms
[85.647s][info][gc] GC(26) Pause Young (Allocation Failure) 8M->7M(11M) 0.315ms
[85.650s][info][gc] GC(27) Pause Young (Allocation Failure) 8M->7M(11M) 0.303ms
[90.518s][info][gc] GC(28) Pause Young (Allocation Failure) 9M->6M(11M) 0.333ms
[106.607s][info][gc] GC(29) Pause Young (Allocation Failure) 8M->6M(11M) 0.785ms
[123.705s][info][gc] GC(30) Pause Young (Allocation Failure) 8M->6M(11M) 0.797ms
[132.760s][info][gc] GC(31) Pause Young (Allocation Failure) 8M->6M(11M) 0.445ms
[149.867s][info][gc] GC(32) Pause Young (Allocation Failure) 8M->6M(11M) 0.875ms
[162.787s][info][gc] GC(33) Pause Young (Allocation Failure) 8M->6M(11M) 0.589ms
[171.034s][info][gc] GC(34) Pause Young (Allocation Failure) 8M->7M(11M) 0.351ms
[189.203s][info][gc] GC(35) Pause Young (Allocation Failure) 9M->7M(11M) 0.604ms
[189.214s][info][gc] GC(36) Pause Full (Ergonomics) 7M->5M(11M) 11.791ms
[199.693s][info][gc] GC(37) Pause Young (Allocation Failure) 7M->5M(11M) 0.489ms
[200.606s][info][gc] GC(38) Pause Young (Allocation Failure) 7M->5M(11M) 0.412ms
[201.492s][info][gc] GC(39) Pause Young (Allocation Failure) 7M->5M(11M) 0.345ms
[202.406s][info][gc] GC(40) Pause Young (Allocation Failure) 7M->5M(11M) 0.253ms
[203.294s][info][gc] GC(41) Pause Young (Allocation Failure) 7M->5M(11M) 0.292ms
[204.305s][info][gc] GC(42) Pause Young (Allocation Failure) 7M->5M(11M) 0.338ms
[205.202s][info][gc] GC(43) Pause Young (Allocation Failure) 7M->5M(11M) 0.342ms
[206.104s][info][gc] GC(44) Pause Young (Allocation Failure) 7M->5M(11M) 0.265ms
[207.003s][info][gc] GC(45) Pause Young (Allocation Failure) 7M->5M(11M) 0.372ms
[207.904s][info][gc] GC(46) Pause Young (Allocation Failure) 7M->5M(11M) 0.264ms
[208.806s][info][gc] GC(47) Pause Young (Allocation Failure) 7M->5M(11M) 0.268ms
[209.693s][info][gc] GC(48) Pause Young (Allocation Failure) 7M->5M(11M) 0.268ms
[210.595s][info][gc] GC(49) Pause Young (Allocation Failure) 7M->5M(11M) 0.271ms
[211.497s][info][gc] GC(50) Pause Young (Allocation Failure) 7M->5M(11M) 0.275ms
[212.465s][info][gc] GC(51) Pause Young (Allocation Failure) 7M->5M(11M) 0.334ms
[213.605s][info][gc] GC(52) Pause Young (Allocation Failure) 8M->5M(11M) 0.253ms
[214.696s][info][gc] GC(53) Pause Young (Allocation Failure) 8M->5M(11M) 0.299ms
[215.899s][info][gc] GC(54) Pause Young (Allocation Failure) 8M->5M(11M) 0.272ms
[217.005s][info][gc] GC(55) Pause Young (Allocation Failure) 8M->5M(11M) 0.331ms
[218.201s][info][gc] GC(56) Pause Young (Allocation Failure) 8M->5M(11M) 0.263ms
[219.292s][info][gc] GC(57) Pause Young (Allocation Failure) 8M->5M(11M) 0.347ms
[220.491s][info][gc] GC(58) Pause Young (Allocation Failure) 8M->5M(11M) 0.290ms
[221.600s][info][gc] GC(59) Pause Young (Allocation Failure) 8M->5M(11M) 0.261ms
[222.704s][info][gc] GC(60) Pause Young (Allocation Failure) 8M->5M(11M) 0.300ms
[223.902s][info][gc] GC(61) Pause Young (Allocation Failure) 8M->5M(11M) 0.288ms
[225.104s][info][gc] GC(62) Pause Young (Allocation Failure) 8M->5M(11M) 0.276ms
[226.191s][info][gc] GC(63) Pause Young (Allocation Failure) 8M->5M(11M) 0.276ms
[227.390s][info][gc] GC(64) Pause Young (Allocation Failure) 8M->5M(11M) 0.235ms
[228.501s][info][gc] GC(65) Pause Young (Allocation Failure) 8M->5M(11M) 0.284ms
[229.640s][info][gc] GC(66) Pause Young (Allocation Failure) 8M->5M(11M) 0.264ms
[230.805s][info][gc] GC(67) Pause Young (Allocation Failure) 8M->5M(11M) 0.307ms
[231.897s][info][gc] GC(68) Pause Young (Allocation Failure) 8M->5M(11M) 0.312ms
[233.096s][info][gc] GC(69) Pause Young (Allocation Failure) 8M->5M(11M) 0.262ms
[234.200s][info][gc] GC(70) Pause Young (Allocation Failure) 8M->5M(11M) 0.303ms
[235.400s][info][gc] GC(71) Pause Young (Allocation Failure) 8M->5M(11M) 0.310ms
[236.506s][info][gc] GC(72) Pause Young (Allocation Failure) 8M->5M(11M) 0.372ms
[237.692s][info][gc] GC(73) Pause Young (Allocation Failure) 8M->5M(11M) 0.282ms
[238.793s][info][gc] GC(74) Pause Young (Allocation Failure) 8M->5M(11M) 0.242ms
[239.902s][info][gc] GC(75) Pause Young (Allocation Failure) 8M->5M(11M) 0.325ms
[241.100s][info][gc] GC(76) Pause Young (Allocation Failure) 8M->5M(11M) 0.273ms
[242.303s][info][gc] GC(77) Pause Young (Allocation Failure) 8M->5M(11M) 0.253ms
[243.391s][info][gc] GC(78) Pause Young (Allocation Failure) 8M->5M(11M) 0.317ms
[244.604s][info][gc] GC(79) Pause Young (Allocation Failure) 8M->5M(11M) 0.257ms
[245.695s][info][gc] GC(80) Pause Young (Allocation Failure) 8M->5M(11M) 0.321ms
[246.797s][info][gc] GC(81) Pause Young (Allocation Failure) 8M->5M(11M) 0.305ms
[247.904s][info][gc] GC(82) Pause Young (Allocation Failure) 8M->5M(11M) 0.332ms
[249.093s][info][gc] GC(83) Pause Young (Allocation Failure) 8M->5M(11M) 0.271ms
[250.303s][info][gc] GC(84) Pause Young (Allocation Failure) 8M->5M(11M) 0.221ms
[251.405s][info][gc] GC(85) Pause Young (Allocation Failure) 8M->5M(11M) 0.321ms
[252.591s][info][gc] GC(86) Pause Young (Allocation Failure) 8M->5M(11M) 0.284ms
[253.694s][info][gc] GC(87) Pause Young (Allocation Failure) 8M->5M(11M) 0.305ms
[254.900s][info][gc] GC(88) Pause Young (Allocation Failure) 8M->5M(11M) 0.418ms
[256.005s][info][gc] GC(89) Pause Young (Allocation Failure) 8M->5M(11M) 0.280ms
[257.094s][info][gc] GC(90) Pause Young (Allocation Failure) 8M->5M(11M) 0.343ms
[258.292s][info][gc] GC(91) Pause Young (Allocation Failure) 8M->5M(11M) 0.263ms
[259.400s][info][gc] GC(92) Pause Young (Allocation Failure) 8M->5M(11M) 0.293ms
[260.601s][info][gc] GC(93) Pause Young (Allocation Failure) 8M->5M(11M) 0.256ms
[261.801s][info][gc] GC(94) Pause Young (Allocation Failure) 8M->5M(11M) 0.299ms
[262.903s][info][gc] GC(95) Pause Young (Allocation Failure) 8M->5M(11M) 0.284ms
[263.993s][info][gc] GC(96) Pause Young (Allocation Failure) 8M->5M(11M) 0.360ms
[265.192s][info][gc] GC(97) Pause Young (Allocation Failure) 8M->5M(11M) 0.269ms
[266.300s][info][gc] GC(98) Pause Young (Allocation Failure) 8M->5M(11M) 0.262ms
[267.500s][info][gc] GC(99) Pause Young (Allocation Failure) 8M->5M(11M) 0.254ms
[268.603s][info][gc] GC(100) Pause Young (Allocation Failure) 8M->5M(11M) 0.312ms
[269.798s][info][gc] GC(101) Pause Young (Allocation Failure) 8M->5M(11M) 0.303ms
[270.993s][info][gc] GC(102) Pause Young (Allocation Failure) 8M->5M(11M) 0.324ms
[272.101s][info][gc] GC(103) Pause Young (Allocation Failure) 8M->5M(11M) 0.280ms
[273.204s][info][gc] GC(104) Pause Young (Allocation Failure) 8M->5M(11M) 0.283ms
[274.400s][info][gc] GC(105) Pause Young (Allocation Failure) 8M->5M(11M) 0.269ms
[275.500s][info][gc] GC(106) Pause Young (Allocation Failure) 8M->5M(11M) 0.271ms
[276.599s][info][gc] GC(107) Pause Young (Allocation Failure) 8M->5M(11M) 0.295ms
[277.695s][info][gc] GC(108) Pause Young (Allocation Failure) 8M->5M(11M) 0.879ms
[278.696s][info][gc] GC(109) Pause Young (Allocation Failure) 8M->5M(11M) 1.034ms
[279.805s][info][gc] GC(110) Pause Young (Allocation Failure) 8M->5M(11M) 1.014ms
[280.897s][info][gc] GC(111) Pause Young (Allocation Failure) 8M->5M(11M) 1.082ms
[282.003s][info][gc] GC(112) Pause Young (Allocation Failure) 8M->5M(11M) 0.646ms
[283.103s][info][gc] GC(113) Pause Young (Allocation Failure) 8M->5M(11M) 1.136ms
[284.206s][info][gc] GC(114) Pause Young (Allocation Failure) 8M->5M(11M) 0.345ms
[285.304s][info][gc] GC(115) Pause Young (Allocation Failure) 8M->5M(11M) 0.514ms
