[0.023s][info][gc] Using G1
[4.179s][info][gc] GC(0) Pause Young (Normal) (G1 Evacuation Pause) 4M->2M(12M) 2.952ms
[4.201s][info][gc] GC(1) Pause Young (Normal) (G1 Evacuation Pause) 3M->2M(12M) 3.289ms
[4.213s][info][gc] GC(2) Pause Young (Normal) (G1 Evacuation Pause) 3M->2M(12M) 1.324ms
[4.256s][info][gc] GC(3) Pause Young (Normal) (G1 Evacuation Pause) 4M->2M(12M) 1.011ms
[4.292s][info][gc] GC(4) Pause Young (Normal) (G1 Evacuation Pause) 4M->3M(12M) 1.942ms
[4.312s][info][gc] GC(5) Pause Young (Normal) (G1 Evacuation Pause) 5M->4M(12M) 3.080ms
[4.330s][info][gc] GC(6) Pause Young (Normal) (G1 Evacuation Pause) 6M->5M(12M) 3.214ms
[4.347s][info][gc] GC(7) Pause Young (Normal) (G1 Evacuation Pause) 6M->4M(12M) 0.796ms
[4.445s][info][gc] GC(8) Pause Young (Normal) (G1 Evacuation Pause) 5M->4M(12M) 0.891ms
[4.482s][info][gc] GC(9) Pause Young (Normal) (G1 Evacuation Pause) 5M->4M(12M) 1.058ms
[4.538s][info][gc] GC(10) Pause Young (Normal) (G1 Evacuation Pause) 5M->5M(12M) 1.682ms
[4.573s][info][gc] GC(11) Pause Young (Normal) (G1 Evacuation Pause) 6M->5M(12M) 1.459ms
[5.648s][info][gc] GC(12) Pause Young (Normal) (G1 Evacuation Pause) 7M->5M(12M) 3.830ms
[17.738s][info][gc] GC(13) Pause Young (Normal) (G1 Evacuation Pause) 7M->5M(12M) 5.597ms
[24.792s][info][gc] GC(14) Pause Young (Concurrent Start) (G1 Evacuation Pause) 6M->5M(12M) 1.503ms
[24.792s][info][gc] GC(15) Concurrent Mark Cycle
[24.800s][info][gc] GC(15) Pause Remark 5M->5M(12M) 2.816ms
[24.802s][info][gc] GC(15) Pause Cleanup 5M->5M(12M) 0.019ms
[24.802s][info][gc] GC(15) Concurrent Mark Cycle 9.900ms
[32.866s][info][gc] GC(16) Pause Young (Prepare Mixed) (G1 Evacuation Pause) 6M->5M(12M) 1.663ms
[40.952s][info][gc] GC(17) Pause Young (Mixed) (G1 Evacuation Pause) 6M->4M(12M) 6.995ms
[66.114s][info][gc] GC(18) Pause Young (Normal) (G1 Evacuation Pause) 8M->5M(12M) 2.060ms
[91.274s][info][gc] GC(19) Pause Young (Normal) (G1 Evacuation Pause) 8M->5M(12M) 4.361ms
